<?xml version="1.0" encoding="utf-8"?><asx:abap version="1.0" xmlns:asx="http://www.sap.com/abapxml"><asx:values><DATA><CUSTOMER_NAMESPACE>http://sap.com/xi/AP/CustomerExtension/BYD/A0014</CUSTOMER_NAMESPACE><CUSTOM_FIELD_REFERENCES><item><BO_NAME>Customer</BO_NAME><BO_NAMESPACE>http://sap.com/xi/AP/FO/BusinessPartner/Global</BO_NAMESPACE><BO_NODE_NAME>Common</BO_NODE_NAME><BO_NODE_NAMESPACE/><FIELD_NAME>ZMultiDrop</FIELD_NAME><FIELD_TYPE>MULTIVAL</FIELD_TYPE><FIELD_LENGTH>256</FIELD_LENGTH><FIELD_DECIMALS>0</FIELD_DECIMALS></item></CUSTOM_FIELD_REFERENCES></DATA></asx:values></asx:abap>